2025-03-15 11:23:52 INFO  [main] c.f.feedback.FeedbackApplication - Starting FeedbackApplication using Java 21.0.1 with PID 27668 (C:\Users\manasvi\OneDrive\Desktop\feedback\target\classes started by manasvi in C:\Users\manasvi\OneDrive\Desktop\feedback)
2025-03-15 11:23:52 INFO  [main] c.f.feedback.FeedbackApplication - No active profile set, falling back to 1 default profile: "default"
2025-03-15 11:23:56 INFO  [main] o.s.d.r.c.RepositoryConfigurationDelegate - Bootstrapping Spring Data JPA repositories in DEFAULT mode.
2025-03-15 11:23:56 INFO  [main] o.s.d.r.c.RepositoryConfigurationDelegate - Finished Spring Data repository scanning in 44 ms. Found 0 JPA repository interfaces.
2025-03-15 11:23:58 INFO  [main] o.s.b.w.e.tomcat.TomcatWebServer - Tomcat initialized with port 8080 (http)
2025-03-15 11:23:58 INFO  [main] o.a.catalina.core.StandardService - Starting service [Tomcat]
2025-03-15 11:23:58 INFO  [main] o.a.catalina.core.StandardEngine - Starting Servlet engine: [Apache Tomcat/10.1.31]
2025-03-15 11:23:59 INFO  [main] o.a.c.c.C.[Tomcat].[localhost].[/] - Initializing Spring embedded WebApplicationContext
2025-03-15 11:23:59 INFO  [main] o.s.b.w.s.c.ServletWebServerApplicationContext - Root WebApplicationContext: initialization completed in 5828 ms
2025-03-15 11:23:59 INFO  [main] o.h.jpa.internal.util.LogHelper - HHH000204: Processing PersistenceUnitInfo [name: default]
2025-03-15 11:23:59 INFO  [main] org.hibernate.Version - HHH000412: Hibernate ORM core version 6.5.3.Final
2025-03-15 11:23:59 INFO  [main] o.h.c.i.RegionFactoryInitiator - HHH000026: Second-level cache disabled
2025-03-15 11:24:00 INFO  [main] o.s.o.j.p.SpringPersistenceUnitInfo - No LoadTimeWeaver setup: ignoring JPA class transformer
2025-03-15 11:24:00 INFO  [main] com.zaxxer.hikari.HikariDataSource - HikariPool-1 - Starting...
2025-03-15 11:24:00 INFO  [main] com.zaxxer.hikari.pool.HikariPool - HikariPool-1 - Added connection org.postgresql.jdbc.PgConnection@5ab7ac02
2025-03-15 11:24:00 INFO  [main] com.zaxxer.hikari.HikariDataSource - HikariPool-1 - Start completed.
2025-03-15 11:24:01 WARN  [main] org.hibernate.orm.deprecation - HHH90000025: PostgreSQLDialect does not need to be specified explicitly using 'hibernate.dialect' (remove the property setting and it will be selected by default)
2025-03-15 11:24:02 INFO  [main] o.h.e.t.j.p.i.JtaPlatformInitiator - HHH000489: No JTA platform available (set 'hibernate.transaction.jta.platform' to enable JTA platform integration)
2025-03-15 11:24:02 INFO  [main] o.s.o.j.LocalContainerEntityManagerFactoryBean - Initialized JPA EntityManagerFactory for persistence unit 'default'
2025-03-15 11:24:02 WARN  [main] o.s.b.w.s.c.AnnotationConfigServletWebServerApplicationContext - Exception encountered during context initialization - cancelling refresh attempt: org.springframework.beans.factory.UnsatisfiedDependencyException: Error creating bean with name 'feedbackController': Unsatisfied dependency expressed through field 'feedbackService': Error creating bean with name 'feedbackService': Unsatisfied dependency expressed through field 'feedbackRepository': No qualifying bean of type 'com.fsd_tech.feedback.repository.FeedbackRepository' available: expected at least 1 bean which qualifies as autowire candidate. Dependency annotations: {@org.springframework.beans.factory.annotation.Autowired(required=true)}
2025-03-15 11:24:02 INFO  [main] o.s.o.j.LocalContainerEntityManagerFactoryBean - Closing JPA EntityManagerFactory for persistence unit 'default'
2025-03-15 11:24:02 INFO  [main] com.zaxxer.hikari.HikariDataSource - HikariPool-1 - Shutdown initiated...
2025-03-15 11:24:02 INFO  [main] com.zaxxer.hikari.HikariDataSource - HikariPool-1 - Shutdown completed.
2025-03-15 11:24:02 INFO  [main] o.a.catalina.core.StandardService - Stopping service [Tomcat]
2025-03-15 11:24:02 INFO  [main] o.s.b.a.l.ConditionEvaluationReportLogger - 

Error starting ApplicationContext. To display the condition evaluation report re-run your application with 'debug' enabled.
2025-03-15 11:24:03 ERROR [main] o.s.b.d.LoggingFailureAnalysisReporter - 

***************************
APPLICATION FAILED TO START
***************************

Description:

Field feedbackRepository in com.fsd_tech.feedback.service.FeedbackService required a bean of type 'com.fsd_tech.feedback.repository.FeedbackRepository' that could not be found.

The injection point has the following annotations:
	- @org.springframework.beans.factory.annotation.Autowired(required=true)


Action:

Consider defining a bean of type 'com.fsd_tech.feedback.repository.FeedbackRepository' in your configuration.

2025-03-15 11:25:17 INFO  [main] c.f.feedback.FeedbackApplication - Starting FeedbackApplication using Java 21.0.1 with PID 12408 (C:\Users\manasvi\OneDrive\Desktop\feedback\target\classes started by manasvi in C:\Users\manasvi\OneDrive\Desktop\feedback)
2025-03-15 11:25:17 INFO  [main] c.f.feedback.FeedbackApplication - No active profile set, falling back to 1 default profile: "default"
2025-03-15 11:25:18 INFO  [main] o.s.d.r.c.RepositoryConfigurationDelegate - Bootstrapping Spring Data JPA repositories in DEFAULT mode.
2025-03-15 11:25:18 INFO  [main] o.s.d.r.c.RepositoryConfigurationDelegate - Finished Spring Data repository scanning in 87 ms. Found 1 JPA repository interface.
2025-03-15 11:25:19 INFO  [main] o.s.b.w.e.tomcat.TomcatWebServer - Tomcat initialized with port 8080 (http)
2025-03-15 11:25:19 INFO  [main] o.a.catalina.core.StandardService - Starting service [Tomcat]
2025-03-15 11:25:19 INFO  [main] o.a.catalina.core.StandardEngine - Starting Servlet engine: [Apache Tomcat/10.1.31]
2025-03-15 11:25:19 INFO  [main] o.a.c.c.C.[Tomcat].[localhost].[/] - Initializing Spring embedded WebApplicationContext
2025-03-15 11:25:19 INFO  [main] o.s.b.w.s.c.ServletWebServerApplicationContext - Root WebApplicationContext: initialization completed in 2365 ms
2025-03-15 11:25:19 INFO  [main] o.h.jpa.internal.util.LogHelper - HHH000204: Processing PersistenceUnitInfo [name: default]
2025-03-15 11:25:19 INFO  [main] org.hibernate.Version - HHH000412: Hibernate ORM core version 6.5.3.Final
2025-03-15 11:25:19 INFO  [main] o.h.c.i.RegionFactoryInitiator - HHH000026: Second-level cache disabled
2025-03-15 11:25:20 INFO  [main] o.s.o.j.p.SpringPersistenceUnitInfo - No LoadTimeWeaver setup: ignoring JPA class transformer
2025-03-15 11:25:20 INFO  [main] com.zaxxer.hikari.HikariDataSource - HikariPool-1 - Starting...
2025-03-15 11:25:20 INFO  [main] com.zaxxer.hikari.pool.HikariPool - HikariPool-1 - Added connection org.postgresql.jdbc.PgConnection@2b395581
2025-03-15 11:25:20 INFO  [main] com.zaxxer.hikari.HikariDataSource - HikariPool-1 - Start completed.
2025-03-15 11:25:20 WARN  [main] org.hibernate.orm.deprecation - HHH90000025: PostgreSQLDialect does not need to be specified explicitly using 'hibernate.dialect' (remove the property setting and it will be selected by default)
2025-03-15 11:25:22 INFO  [main] o.h.e.t.j.p.i.JtaPlatformInitiator - HHH000489: No JTA platform available (set 'hibernate.transaction.jta.platform' to enable JTA platform integration)
2025-03-15 11:25:22 INFO  [main] o.s.o.j.LocalContainerEntityManagerFactoryBean - Initialized JPA EntityManagerFactory for persistence unit 'default'
2025-03-15 11:25:23 WARN  [main] o.s.b.a.o.j.JpaBaseConfiguration$JpaWebConfiguration - spring.jpa.open-in-view is enabled by default. Therefore, database queries may be performed during view rendering. Explicitly configure spring.jpa.open-in-view to disable this warning
2025-03-15 11:25:23 INFO  [main] o.s.b.w.e.tomcat.TomcatWebServer - Tomcat started on port 8080 (http) with context path '/'
2025-03-15 11:25:23 INFO  [main] c.f.feedback.FeedbackApplication - Started FeedbackApplication in 7.679 seconds (process running for 8.268)
2025-03-15 11:31:55 INFO  [http-nio-8080-exec-2] o.a.c.c.C.[Tomcat].[localhost].[/] - Initializing Spring DispatcherServlet 'dispatcherServlet'
2025-03-15 11:31:55 INFO  [http-nio-8080-exec-2] o.s.web.servlet.DispatcherServlet - Initializing Servlet 'dispatcherServlet'
2025-03-15 11:31:55 INFO  [http-nio-8080-exec-2] o.s.web.servlet.DispatcherServlet - Completed initialization in 39 ms
2025-03-15 11:32:41 INFO  [http-nio-8080-exec-3] o.s.api.AbstractOpenApiResource - Init duration for springdoc-openapi is: 881 ms
2025-03-15 11:33:06 INFO  [http-nio-8080-exec-10] c.f.f.controller.FeedbackController - Fetching all feedback records
2025-03-15 11:34:15 INFO  [http-nio-8080-exec-2] c.f.f.controller.FeedbackController - Fetching feedback with ID: 5
2025-03-15 11:34:22 INFO  [http-nio-8080-exec-1] c.f.f.controller.FeedbackController - Fetching feedback with ID: 6
2025-03-15 11:34:36 INFO  [http-nio-8080-exec-4] c.f.f.controller.FeedbackController - Fetching feedback with ID: 11
2025-03-15 11:34:36 WARN  [http-nio-8080-exec-4] c.f.f.controller.FeedbackController - Feedback not found with ID: 11
2025-03-15 11:36:29 INFO  [http-nio-8080-exec-6] c.f.f.controller.FeedbackController - Deleting feedback with ID: 9
2025-03-15 11:36:29 INFO  [http-nio-8080-exec-6] c.f.f.controller.FeedbackController - Successfully deleted feedback with ID: 9
2025-03-15 14:13:27 WARN  [HikariPool-1 housekeeper] com.zaxxer.hikari.pool.HikariPool - HikariPool-1 - Thread starvation or clock leap detected (housekeeper delta=1h3m5s308ms879µs400ns).
